-- The C compiler identification is GNU 5.4.0
-- The CXX compiler identification is GNU 5.4.0
-- Check for working C compiler: /usr/bin/cc
-- Check for working C compiler: /usr/bin/cc -- works
-- Detecting C compiler ABI info
-- Detecting C compiler ABI info - done
-- Detecting C compile features
-- Detecting C compile features - done
-- Check for working CXX compiler: /usr/bin/c++
-- Check for working CXX compiler: /usr/bin/c++ -- works
-- Detecting CXX compiler ABI info
-- Detecting CXX compiler ABI info - done
-- Detecting CXX compile features
-- Detecting CXX compile features - done
-- Using CATKIN_DEVEL_PREFIX: /home/ubuntu/lujing/devel
-- Using CMAKE_PREFIX_PATH: /home/ubuntu/rviz_tools/devel;/opt/ros/kinetic
-- This workspace overlays: /home/ubuntu/rviz_tools/devel;/opt/ros/kinetic
-- Found PythonInterp: /usr/bin/python2 (found suitable version "2.7.12", minimum required is "2") 
-- Using PYTHON_EXECUTABLE: /usr/bin/python2
-- Using Debian Python package layout
-- Using empy: /usr/bin/empy
-- Using CATKIN_ENABLE_TESTING: ON
-- Call enable_testing()
-- Using CATKIN_TEST_RESULTS_DIR: /home/ubuntu/lujing/build/test_results
-- Found gtest sources under '/usr/src/gmock': gtests will be built
-- Found gmock sources under '/usr/src/gmock': gmock will be built
-- Found PythonInterp: /usr/bin/python2 (found version "2.7.12") 
-- Looking for pthread.h
-- Looking for pthread.h - found
-- Looking for pthread_create
-- Looking for pthread_create - not found
-- Looking for pthread_create in pthreads
-- Looking for pthread_create in pthreads - not found
-- Looking for pthread_create in pthread
-- Looking for pthread_create in pthread - found
-- Found Threads: TRUE  
-- Using Python nosetests: /usr/bin/nosetests-2.7
-- catkin 0.7.29
-- BUILD_SHARED_LIBS is on
-- BUILD_SHARED_LIBS is on
-- ~~~~~~~~~~~~~~~~~~~~~~~~~~~~~~~~~~~~~~~~~~~~~~~~~
-- ~~  traversing 1 packages in topological order:
-- ~~  - pathplanning
-- ~~~~~~~~~~~~~~~~~~~~~~~~~~~~~~~~~~~~~~~~~~~~~~~~~
-- +++ processing catkin package: 'pathplanning'
-- ==> add_subdirectory(pathplanning)
-- Configuring done
-- Generating done
-- Build files have been written to: /home/ubuntu/lujing/build
Base path: /home/ubuntu/lujing
Source space: /home/ubuntu/lujing/src
Build space: /home/ubuntu/lujing/build
Devel space: /home/ubuntu/lujing/devel
Install space: /home/ubuntu/lujing/install
####
#### Running command: "cmake /home/ubuntu/lujing/src -DCATKIN_DEVEL_PREFIX=/home/ubuntu/lujing/devel -DCMAKE_INSTALL_PREFIX=/home/ubuntu/lujing/install -G Unix Makefiles" in "/home/ubuntu/lujing/build"
####
####
#### Running command: "make -j2 -l2" in "/home/ubuntu/lujing/build"
####
